CCS PCH C Compiler, Version 4.124, 5967               23-mar-13 11:57

               Filename: E:\Eletronica\Projetos\Encoder\gerador.lst

               ROM used: 120 bytes (0%)
                         Largest free fragment is 32648
               RAM used: 4 (0%) at main() level
                         9 (1%) worst case
               Stack:    1 locations

*
0000:  GOTO   002E
.................... /* 
....................  * gerador.c 
....................  * 
....................  *  Created on: 23/03/2013 
....................  *      Author: cuki 
....................  */ 
....................  
.................... #include <18F45K20.h> 
.................... //////// Standard Header file for the PIC18F45K20 device //////////////// 
.................... #device PIC18F45K20 
.................... #list 
....................  
....................  
.................... #fuses H4,NOWDT,NOPROTECT,NOLVP 
.................... #use delay(crystal=15MHz, clock=60MHz) 
0004:  CLRF   FEA
0006:  MOVLW  05
0008:  MOVWF  FE9
000A:  MOVF   FEF,W
000C:  BZ    002A
000E:  MOVLW  13
0010:  MOVWF  01
0012:  CLRF   00
0014:  DECFSZ 00,F
0016:  BRA    0014
0018:  DECFSZ 01,F
001A:  BRA    0012
001C:  MOVLW  73
001E:  MOVWF  00
0020:  DECFSZ 00,F
0022:  BRA    0020
0024:  NOP   
0026:  DECFSZ FEF,F
0028:  BRA    000E
002A:  GOTO   0070 (RETURN)
.................... #use rs232(baud=9600, xmit=PIN_C6, rcv=PIN_C7) 
.................... #use spi(MASTER, DI=PIN_C4, DO=PIN_C5, CLK=PIN_C3, MODE=0,  BAUD=1000000, BITS=16, DATA_HOLD=1) 
....................  
.................... int main(void) { 
002E:  CLRF   FF8
0030:  BCF    FD0.7
0032:  CLRF   FEA
0034:  CLRF   FE9
0036:  BSF    FB8.3
0038:  MOVLW  1A
003A:  MOVWF  FAF
003C:  MOVLW  06
003E:  MOVWF  FB0
0040:  MOVLW  A6
0042:  MOVWF  FAC
0044:  MOVLW  90
0046:  MOVWF  FAB
0048:  BSF    F94.4
004A:  BCF    F94.5
004C:  BCF    F94.3
004E:  BCF    F8B.3
0050:  MOVLW  00
0052:  MOVWF  F7E
0054:  BCF    FC1.4
0056:  BCF    FC1.5
0058:  MOVF   F7F,W
005A:  ANDLW  E0
005C:  MOVWF  F7F
005E:  BCF    F79.5
0060:  BCF    F79.4
0062:  CLRF   F7A
0064:  CLRF   F7B
.................... 	while (TRUE) { 
.................... 		output_toggle(PIN_D0); 
0066:  BCF    F95.0
0068:  BTG    F8C.0
.................... 		delay_ms(5); 
006A:  MOVLW  05
006C:  MOVWF  05
006E:  BRA    0004
.................... 	} 
0070:  BRA    0066
.................... 	return 0; 
0072:  MOVLW  00
0074:  MOVWF  01
.................... } 
0076:  SLEEP 

Configuration Fuses:
   Word  1: C600   H4 FCMEN IESO
   Word  2: 1E1E   PUT BROWNOUT BORV18 NOWDT WDT32768
   Word  3: 8F00   CCP2C1 PBADEN LPT1OSC HFOFST MCLR
   Word  4: 0081   STVREN NOLVP NOXINST NODEBUG
   Word  5: C00F   NOPROTECT NOCPB NOCPD
   Word  6: E00F   NOWRT NOWRTC NOWRTB NOWRTD
   Word  7: 400F   NOEBTR NOEBTRB
